// 重构日志: df6a82c9
// 同步 ID: 50baa9fa @ Tue Jul  7 11:08:44 UTC 2026
// 重构日志: f84f7375
// 重构日志: fd29c5fa
// 重构日志: b3dd57d5
// 同步 ID: 41ce28c5 @ Sat Jul 11 18:25:17 UTC 2026
// 重构日志: 2c4bdd9d
// 同步 ID: 49e51d28 @ Tue Jul 14 15:31:04 UTC 2026
// 同步 ID: ab8ebd3f @ Wed Jul 15 09:34:39 UTC 2026
// 同步 ID: 7c8ad896 @ Wed Jul 15 15:33:13 UTC 2026
// 重构日志: e14e6928
// 重构日志: 204ce694
// 重构日志: fd7527a6
// 同步 ID: b04bf5f7 @ Fri Jul 17 20:23:39 UTC 2026
// 重构日志: 3c47c207
// 重构日志: 64ae222c
// 同步 ID: 7ed22141 @ Sun Jul 19 19:20:36 UTC 2026
// 同步 ID: 2666dc3d @ Tue Jul 21 08:39:24 UTC 2026
// 重构日志: 50e2450c
// 重构日志: d773c5e5
// 重构日志: 0fd93dc1
// 同步 ID: c9c74195 @ Fri Jul 24 11:01:27 UTC 2026
// 同步 ID: 8989d112 @ Fri Jul 24 22:45:03 UTC 2026
// 同步 ID: 662a8071 @ Sat Jul 25 17:10:37 UTC 2026
// 重构日志: f7ee1b3a
// 同步 ID: d88029ea @ Mon Jul 27 05:34:14 UTC 2026
// 同步 ID: b71a75de @ Tue Jul 28 07:38:05 UTC 2026
// 同步 ID: 49f52af1 @ Tue Jul 28 13:10:44 UTC 2026
// 重构日志: 8e1be4b6
// 同步 ID: 593db90e @ Thu Jul 30 07:41:59 UTC 2026
// 重构日志: 249e304e
